2025/05/01 22:18:02 [error] [exception.CHttpException.404] CHttpException: Unable to resolve the request "gii". in E:\Development\laragon\www\yii-1.1.28.23448d\framework\web\CWebApplication.php:286
Stack trace:
#0 E:\Development\laragon\www\yii-1.1.28.23448d\framework\web\CWebApplication.php(141): CWebApplication->runController('gii')
#1 E:\Development\laragon\www\yii-1.1.28.23448d\framework\base\CApplication.php(185): CWebApplication->processRequest()
#2 E:\Development\laragon\www\siklinik\index.php(13): CApplication->run()
#3 {main}
REQUEST_URI=/siklinik//index.php?r=gii
---
2025/05/01 22:18:10 [error] [exception.CHttpException.404] CHttpException: Unable to resolve the request "gii". in E:\Development\laragon\www\yii-1.1.28.23448d\framework\web\CWebApplication.php:286
Stack trace:
#0 E:\Development\laragon\www\yii-1.1.28.23448d\framework\web\CWebApplication.php(141): CWebApplication->runController('gii')
#1 E:\Development\laragon\www\yii-1.1.28.23448d\framework\base\CApplication.php(185): CWebApplication->processRequest()
#2 E:\Development\laragon\www\siklinik\index.php(13): CApplication->run()
#3 {main}
REQUEST_URI=/siklinik/index.php?r=gii
---
2025/05/01 22:18:17 [error] [exception.CHttpException.404] CHttpException: The system is unable to find the requested action "gii". in E:\Development\laragon\www\yii-1.1.28.23448d\framework\web\CController.php:486
Stack trace:
#0 E:\Development\laragon\www\yii-1.1.28.23448d\framework\web\CController.php(270): CController->missingAction('gii')
#1 E:\Development\laragon\www\yii-1.1.28.23448d\framework\web\CWebApplication.php(282): CController->run('gii')
#2 E:\Development\laragon\www\yii-1.1.28.23448d\framework\web\CWebApplication.php(141): CWebApplication->runController('site/gii')
#3 E:\Development\laragon\www\yii-1.1.28.23448d\framework\base\CApplication.php(185): CWebApplication->processRequest()
#4 E:\Development\laragon\www\siklinik\index.php(13): CApplication->run()
#5 {main}
REQUEST_URI=/siklinik/index.php?r=site/gii
---
2025/05/01 22:18:24 [error] [exception.CHttpException.404] CHttpException: Unable to resolve the request "gii". in E:\Development\laragon\www\yii-1.1.28.23448d\framework\web\CWebApplication.php:286
Stack trace:
#0 E:\Development\laragon\www\yii-1.1.28.23448d\framework\web\CWebApplication.php(141): CWebApplication->runController('gii')
#1 E:\Development\laragon\www\yii-1.1.28.23448d\framework\base\CApplication.php(185): CWebApplication->processRequest()
#2 E:\Development\laragon\www\siklinik\index.php(13): CApplication->run()
#3 {main}
REQUEST_URI=/siklinik/index.php?r=gii
---
2025/05/01 22:20:02 [error] [exception.CHttpException.404] CHttpException: Unable to resolve the request "gii". in E:\Development\laragon\www\yii-1.1.28.23448d\framework\web\CWebApplication.php:286
Stack trace:
#0 E:\Development\laragon\www\yii-1.1.28.23448d\framework\web\CWebApplication.php(141): CWebApplication->runController('gii')
#1 E:\Development\laragon\www\yii-1.1.28.23448d\framework\base\CApplication.php(185): CWebApplication->processRequest()
#2 E:\Development\laragon\www\siklinik\index.php(13): CApplication->run()
#3 {main}
REQUEST_URI=/siklinik/index.php?r=gii
---
2025/05/01 22:20:28 [error] [exception.CHttpException.404] CHttpException: Unable to resolve the request "gii". in E:\Development\laragon\www\yii-1.1.28.23448d\framework\web\CWebApplication.php:286
Stack trace:
#0 E:\Development\laragon\www\yii-1.1.28.23448d\framework\web\CWebApplication.php(141): CWebApplication->runController('gii')
#1 E:\Development\laragon\www\yii-1.1.28.23448d\framework\base\CApplication.php(185): CWebApplication->processRequest()
#2 E:\Development\laragon\www\siklinik\index.php(13): CApplication->run()
#3 {main}
REQUEST_URI=/siklinik/index.php?r=gii
---
2025/05/01 22:20:29 [error] [exception.CHttpException.404] CHttpException: Unable to resolve the request "gii". in E:\Development\laragon\www\yii-1.1.28.23448d\framework\web\CWebApplication.php:286
Stack trace:
#0 E:\Development\laragon\www\yii-1.1.28.23448d\framework\web\CWebApplication.php(141): CWebApplication->runController('gii')
#1 E:\Development\laragon\www\yii-1.1.28.23448d\framework\base\CApplication.php(185): CWebApplication->processRequest()
#2 E:\Development\laragon\www\siklinik\index.php(13): CApplication->run()
#3 {main}
REQUEST_URI=/siklinik/index.php?r=gii
---
2025/05/01 22:21:00 [error] [exception.CHttpException.404] CHttpException: Unable to resolve the request "gii". in E:\Development\laragon\www\yii-1.1.28.23448d\framework\web\CWebApplication.php:286
Stack trace:
#0 E:\Development\laragon\www\yii-1.1.28.23448d\framework\web\CWebApplication.php(141): CWebApplication->runController('gii')
#1 E:\Development\laragon\www\yii-1.1.28.23448d\framework\base\CApplication.php(185): CWebApplication->processRequest()
#2 E:\Development\laragon\www\siklinik\index.php(13): CApplication->run()
#3 {main}
REQUEST_URI=/siklinik/index.php?r=gii
---
2025/05/01 22:21:01 [error] [exception.CHttpException.404] CHttpException: Unable to resolve the request "gii". in E:\Development\laragon\www\yii-1.1.28.23448d\framework\web\CWebApplication.php:286
Stack trace:
#0 E:\Development\laragon\www\yii-1.1.28.23448d\framework\web\CWebApplication.php(141): CWebApplication->runController('gii')
#1 E:\Development\laragon\www\yii-1.1.28.23448d\framework\base\CApplication.php(185): CWebApplication->processRequest()
#2 E:\Development\laragon\www\siklinik\index.php(13): CApplication->run()
#3 {main}
REQUEST_URI=/siklinik/index.php?r=gii
---
2025/05/01 22:21:27 [error] [exception.CHttpException.404] CHttpException: Unable to resolve the request "gii". in E:\Development\laragon\www\yii-1.1.28.23448d\framework\web\CWebApplication.php:286
Stack trace:
#0 E:\Development\laragon\www\yii-1.1.28.23448d\framework\web\CWebApplication.php(141): CWebApplication->runController('gii')
#1 E:\Development\laragon\www\yii-1.1.28.23448d\framework\base\CApplication.php(185): CWebApplication->processRequest()
#2 E:\Development\laragon\www\siklinik\index.php(13): CApplication->run()
#3 {main}
REQUEST_URI=/siklinik/index.php?r=gii
---
2025/05/01 22:21:28 [error] [exception.CHttpException.404] CHttpException: Unable to resolve the request "gii". in E:\Development\laragon\www\yii-1.1.28.23448d\framework\web\CWebApplication.php:286
Stack trace:
#0 E:\Development\laragon\www\yii-1.1.28.23448d\framework\web\CWebApplication.php(141): CWebApplication->runController('gii')
#1 E:\Development\laragon\www\yii-1.1.28.23448d\framework\base\CApplication.php(185): CWebApplication->processRequest()
#2 E:\Development\laragon\www\siklinik\index.php(13): CApplication->run()
#3 {main}
REQUEST_URI=/siklinik/index.php?r=gii
---
2025/05/01 22:21:29 [error] [exception.CHttpException.404] CHttpException: Unable to resolve the request "gii". in E:\Development\laragon\www\yii-1.1.28.23448d\framework\web\CWebApplication.php:286
Stack trace:
#0 E:\Development\laragon\www\yii-1.1.28.23448d\framework\web\CWebApplication.php(141): CWebApplication->runController('gii')
#1 E:\Development\laragon\www\yii-1.1.28.23448d\framework\base\CApplication.php(185): CWebApplication->processRequest()
#2 E:\Development\laragon\www\siklinik\index.php(13): CApplication->run()
#3 {main}
REQUEST_URI=/siklinik/index.php?r=gii
---
2025/05/01 22:27:11 [error] [exception.CHttpException.404] CHttpException: The system is unable to find the requested action "pasien". in E:\Development\laragon\www\yii-1.1.28.23448d\framework\web\CController.php:486
Stack trace:
#0 E:\Development\laragon\www\yii-1.1.28.23448d\framework\web\CController.php(270): CController->missingAction('pasien')
#1 E:\Development\laragon\www\yii-1.1.28.23448d\framework\web\CWebApplication.php(282): CController->run('pasien')
#2 E:\Development\laragon\www\yii-1.1.28.23448d\framework\web\CWebApplication.php(141): CWebApplication->runController('site/pasien')
#3 E:\Development\laragon\www\yii-1.1.28.23448d\framework\base\CApplication.php(185): CWebApplication->processRequest()
#4 E:\Development\laragon\www\siklinik\index.php(13): CApplication->run()
#5 {main}
REQUEST_URI=/siklinik/index.php?r=site/pasien
---
2025/05/01 22:58:52 [error] [exception.CHttpException.404] CHttpException: Unable to resolve the request "pendaftaran/index". in E:\Development\laragon\www\yii-1.1.28.23448d\framework\web\CWebApplication.php:286
Stack trace:
#0 E:\Development\laragon\www\yii-1.1.28.23448d\framework\web\CWebApplication.php(141): CWebApplication->runController('pendaftaran/ind...')
#1 E:\Development\laragon\www\yii-1.1.28.23448d\framework\base\CApplication.php(185): CWebApplication->processRequest()
#2 E:\Development\laragon\www\siklinik\index.php(13): CApplication->run()
#3 {main}
REQUEST_URI=/siklinik/index.php?r=pendaftaran/index
HTTP_REFERER=http://localhost/siklinik/index.php?r=site/index
---
2025/05/01 22:59:10 [error] [exception.CHttpException.403] CHttpException: Anda tidak memiliki akses ke halaman ini. in E:\Development\laragon\www\siklinik\protected\components\Controller.php:27
Stack trace:
#0 E:\Development\laragon\www\siklinik\protected\controllers\TindakanController.php(23): Controller->allowRoles(Array)
#1 E:\Development\laragon\www\yii-1.1.28.23448d\framework\web\CController.php(306): TindakanController->beforeAction(Object(CInlineAction))
#2 E:\Development\laragon\www\yii-1.1.28.23448d\framework\web\filters\CFilterChain.php(134): CController->runAction(Object(CInlineAction))
#3 E:\Development\laragon\www\yii-1.1.28.23448d\framework\web\filters\CFilter.php(40): CFilterChain->run()
#4 E:\Development\laragon\www\yii-1.1.28.23448d\framework\web\CController.php(1148): CFilter->filter(Object(CFilterChain))
#5 E:\Development\laragon\www\yii-1.1.28.23448d\framework\web\filters\CInlineFilter.php(58): CController->filterAccessControl(Object(CFilterChain))
#6 E:\Development\laragon\www\yii-1.1.28.23448d\framework\web\filters\CFilterChain.php(131): CInlineFilter->filter(Object(CFilterChain))
#7 E:\Development\laragon\www\yii-1.1.28.23448d\framework\web\CController.php(291): CFilterChain->run()
#8 E:\Development\laragon\www\yii-1.1.28.23448d\framework\web\CController.php(265): CController->runActionWithFilters(Object(CInlineAction), Array)
#9 E:\Development\laragon\www\yii-1.1.28.23448d\framework\web\CWebApplication.php(282): CController->run('index')
#10 E:\Development\laragon\www\yii-1.1.28.23448d\framework\web\CWebApplication.php(141): CWebApplication->runController('tindakan/index')
#11 E:\Development\laragon\www\yii-1.1.28.23448d\framework\base\CApplication.php(185): CWebApplication->processRequest()
#12 E:\Development\laragon\www\siklinik\index.php(13): CApplication->run()
#13 {main}
REQUEST_URI=/siklinik/index.php?r=tindakan/index
HTTP_REFERER=http://localhost/siklinik/index.php?r=site/index
---
2025/05/02 00:07:00 [error] [php] include(User.php): failed to open stream: No such file or directory (E:\Development\laragon\www\yii-1.1.28.23448d\framework\YiiBase.php:463)
Stack trace:
#0 E:\Development\laragon\www\yii-1.1.28.23448d\framework\YiiBase.php(463): include()
#1 unknown(0): autoload()
#2 E:\Development\laragon\www\siklinik\protected\models\LoginForm.php(52): spl_autoload_call()
#3 E:\Development\laragon\www\yii-1.1.28.23448d\framework\validators\CInlineValidator.php(42): LoginForm->authenticate()
#4 E:\Development\laragon\www\yii-1.1.28.23448d\framework\validators\CValidator.php(201): CInlineValidator->validateAttribute()
#5 E:\Development\laragon\www\yii-1.1.28.23448d\framework\base\CModel.php(159): CInlineValidator->validate()
#6 E:\Development\laragon\www\siklinik\protected\controllers\SiteController.php(94): LoginForm->validate()
#7 E:\Development\laragon\www\yii-1.1.28.23448d\framework\web\actions\CInlineAction.php(49): SiteController->actionLogin()
#8 E:\Development\laragon\www\yii-1.1.28.23448d\framework\web\CController.php(308): CInlineAction->runWithParams()
#9 E:\Development\laragon\www\yii-1.1.28.23448d\framework\web\CController.php(286): SiteController->runAction()
#10 E:\Development\laragon\www\yii-1.1.28.23448d\framework\web\CController.php(265): SiteController->runActionWithFilters()
#11 E:\Development\laragon\www\yii-1.1.28.23448d\framework\web\CWebApplication.php(282): SiteController->run()
#12 E:\Development\laragon\www\yii-1.1.28.23448d\framework\web\CWebApplication.php(141): CWebApplication->runController()
#13 E:\Development\laragon\www\yii-1.1.28.23448d\framework\base\CApplication.php(185): CWebApplication->processRequest()
#14 E:\Development\laragon\www\siklinik\index.php(13): CWebApplication->run()
REQUEST_URI=/siklinik/index.php?r=site/login
in E:\Development\laragon\www\siklinik\protected\models\LoginForm.php (52)
in E:\Development\laragon\www\siklinik\protected\controllers\SiteController.php (94)
in E:\Development\laragon\www\siklinik\index.php (13)
2025/05/02 00:15:28 [error] [exception.CHttpException.404] CHttpException: Unable to resolve the request "user/admin". in E:\Development\laragon\www\yii-1.1.28.23448d\framework\web\CWebApplication.php:286
Stack trace:
#0 E:\Development\laragon\www\yii-1.1.28.23448d\framework\web\CWebApplication.php(141): CWebApplication->runController('user/admin')
#1 E:\Development\laragon\www\yii-1.1.28.23448d\framework\base\CApplication.php(185): CWebApplication->processRequest()
#2 E:\Development\laragon\www\siklinik\index.php(13): CApplication->run()
#3 {main}
REQUEST_URI=/siklinik/index.php?r=user/admin
HTTP_REFERER=http://localhost/siklinik/index.php
---
2025/05/02 00:18:30 [error] [exception.CHttpException.404] CHttpException: Unable to resolve the request "pendaftaran/index". in E:\Development\laragon\www\yii-1.1.28.23448d\framework\web\CWebApplication.php:286
Stack trace:
#0 E:\Development\laragon\www\yii-1.1.28.23448d\framework\web\CWebApplication.php(141): CWebApplication->runController('pendaftaran/ind...')
#1 E:\Development\laragon\www\yii-1.1.28.23448d\framework\base\CApplication.php(185): CWebApplication->processRequest()
#2 E:\Development\laragon\www\siklinik\index.php(13): CApplication->run()
#3 {main}
REQUEST_URI=/siklinik/index.php?r=pendaftaran/index
HTTP_REFERER=http://localhost/siklinik/index.php
---
2025/05/02 00:24:42 [error] [system.db.CDbCommand] CDbCommand::fetchAll() failed: SQLSTATE[42703]: Undefined column: 7 ERROR:  column kt.id_tindakan does not exist
LINE 4:             JOIN tindakan t ON t.id = kt.id_tindakan
                                              ^. The SQL statement executed was: 
            SELECT t.nama, COUNT(*) as jumlah
            FROM kunjungan_tindakan kt
            JOIN tindakan t ON t.id = kt.id_tindakan
            GROUP BY t.nama
            ORDER BY jumlah DESC
            LIMIT 10
        .
in E:\Development\laragon\www\siklinik\protected\controllers\LaporanController.php (41)
in E:\Development\laragon\www\siklinik\index.php (13)
2025/05/02 00:24:42 [error] [exception.CDbException] CDbException: CDbCommand failed to execute the SQL statement: SQLSTATE[42703]: Undefined column: 7 ERROR:  column kt.id_tindakan does not exist
LINE 4:             JOIN tindakan t ON t.id = kt.id_tindakan
                                              ^. The SQL statement executed was: 
            SELECT t.nama, COUNT(*) as jumlah
            FROM kunjungan_tindakan kt
            JOIN tindakan t ON t.id = kt.id_tindakan
            GROUP BY t.nama
            ORDER BY jumlah DESC
            LIMIT 10
         in E:\Development\laragon\www\yii-1.1.28.23448d\framework\db\CDbCommand.php:543
Stack trace:
#0 E:\Development\laragon\www\yii-1.1.28.23448d\framework\db\CDbCommand.php(396): CDbCommand->queryInternal('fetchAll', Array, Array)
#1 E:\Development\laragon\www\siklinik\protected\controllers\LaporanController.php(41): CDbCommand->queryAll()
#2 E:\Development\laragon\www\yii-1.1.28.23448d\framework\web\actions\CInlineAction.php(49): LaporanController->actionTindakanTerbanyak()
#3 E:\Development\laragon\www\yii-1.1.28.23448d\framework\web\CController.php(308): CInlineAction->runWithParams(Array)
#4 E:\Development\laragon\www\yii-1.1.28.23448d\framework\web\CController.php(286): CController->runAction(Object(CInlineAction))
#5 E:\Development\laragon\www\yii-1.1.28.23448d\framework\web\CController.php(265): CController->runActionWithFilters(Object(CInlineAction), Array)
#6 E:\Development\laragon\www\yii-1.1.28.23448d\framework\web\CWebApplication.php(282): CController->run('tindakanTerbany...')
#7 E:\Development\laragon\www\yii-1.1.28.23448d\framework\web\CWebApplication.php(141): CWebApplication->runController('laporan/tindaka...')
#8 E:\Development\laragon\www\yii-1.1.28.23448d\framework\base\CApplication.php(185): CWebApplication->processRequest()
#9 E:\Development\laragon\www\siklinik\index.php(13): CApplication->run()
#10 {main}
REQUEST_URI=/siklinik/index.php?r=laporan/tindakanTerbanyak
HTTP_REFERER=http://localhost/siklinik/index.php?r=laporan/index
---
2025/05/02 00:24:45 [error] [system.db.CDbCommand] CDbCommand::fetchAll() failed: SQLSTATE[42703]: Undefined column: 7 ERROR:  column ko.id_obat does not exist
LINE 4:             JOIN obat o ON o.id = ko.id_obat
                                          ^. The SQL statement executed was: 
            SELECT o.nama, COUNT(*) as jumlah
            FROM kunjungan_obat ko
            JOIN obat o ON o.id = ko.id_obat
            GROUP BY o.nama
            ORDER BY jumlah DESC
            LIMIT 10
        .
in E:\Development\laragon\www\siklinik\protected\controllers\LaporanController.php (55)
in E:\Development\laragon\www\siklinik\index.php (13)
2025/05/02 00:24:45 [error] [exception.CDbException] CDbException: CDbCommand failed to execute the SQL statement: SQLSTATE[42703]: Undefined column: 7 ERROR:  column ko.id_obat does not exist
LINE 4:             JOIN obat o ON o.id = ko.id_obat
                                          ^. The SQL statement executed was: 
            SELECT o.nama, COUNT(*) as jumlah
            FROM kunjungan_obat ko
            JOIN obat o ON o.id = ko.id_obat
            GROUP BY o.nama
            ORDER BY jumlah DESC
            LIMIT 10
         in E:\Development\laragon\www\yii-1.1.28.23448d\framework\db\CDbCommand.php:543
Stack trace:
#0 E:\Development\laragon\www\yii-1.1.28.23448d\framework\db\CDbCommand.php(396): CDbCommand->queryInternal('fetchAll', Array, Array)
#1 E:\Development\laragon\www\siklinik\protected\controllers\LaporanController.php(55): CDbCommand->queryAll()
#2 E:\Development\laragon\www\yii-1.1.28.23448d\framework\web\actions\CInlineAction.php(49): LaporanController->actionObatTerbanyak()
#3 E:\Development\laragon\www\yii-1.1.28.23448d\framework\web\CController.php(308): CInlineAction->runWithParams(Array)
#4 E:\Development\laragon\www\yii-1.1.28.23448d\framework\web\CController.php(286): CController->runAction(Object(CInlineAction))
#5 E:\Development\laragon\www\yii-1.1.28.23448d\framework\web\CController.php(265): CController->runActionWithFilters(Object(CInlineAction), Array)
#6 E:\Development\laragon\www\yii-1.1.28.23448d\framework\web\CWebApplication.php(282): CController->run('obatTerbanyak')
#7 E:\Development\laragon\www\yii-1.1.28.23448d\framework\web\CWebApplication.php(141): CWebApplication->runController('laporan/obatTer...')
#8 E:\Development\laragon\www\yii-1.1.28.23448d\framework\base\CApplication.php(185): CWebApplication->processRequest()
#9 E:\Development\laragon\www\siklinik\index.php(13): CApplication->run()
#10 {main}
REQUEST_URI=/siklinik/index.php?r=laporan/obatTerbanyak
HTTP_REFERER=http://localhost/siklinik/index.php?r=laporan/index
---
2025/05/02 00:24:57 [error] [exception.CHttpException.404] CHttpException: Unable to resolve the request "pendaftaran/index". in E:\Development\laragon\www\yii-1.1.28.23448d\framework\web\CWebApplication.php:286
Stack trace:
#0 E:\Development\laragon\www\yii-1.1.28.23448d\framework\web\CWebApplication.php(141): CWebApplication->runController('pendaftaran/ind...')
#1 E:\Development\laragon\www\yii-1.1.28.23448d\framework\base\CApplication.php(185): CWebApplication->processRequest()
#2 E:\Development\laragon\www\siklinik\index.php(13): CApplication->run()
#3 {main}
REQUEST_URI=/siklinik/index.php?r=pendaftaran/index
HTTP_REFERER=http://localhost/siklinik/index.php?r=site/index
---
2025/05/02 00:31:18 [error] [exception.CHttpException.404] CHttpException: Unable to resolve the request "user/admin". in E:\Development\laragon\www\yii-1.1.28.23448d\framework\web\CWebApplication.php:286
Stack trace:
#0 E:\Development\laragon\www\yii-1.1.28.23448d\framework\web\CWebApplication.php(141): CWebApplication->runController('user/admin')
#1 E:\Development\laragon\www\yii-1.1.28.23448d\framework\base\CApplication.php(185): CWebApplication->processRequest()
#2 E:\Development\laragon\www\siklinik\index.php(13): CApplication->run()
#3 {main}
REQUEST_URI=/siklinik/index.php?r=user/admin
HTTP_REFERER=http://localhost/siklinik/index.php?r=site/index
---
